
--- 2026-06-14 21:43 (57 codepoint(s)) ---
  glyph U+002B (+)
  glyph U+002D (-)
  glyph U+0031 (1)
  glyph U+0051 (Q)
  glyph U+0069 (i)
  glyph U+006C (l)
  glyph U+00A5 (¥)
  glyph U+00A7 (§)
  glyph U+00AE (®)
  glyph U+00B1 (±)
  glyph U+00B5 (µ)
  glyph U+00B6 (¶)
  glyph U+00BC (¼)
  glyph U+00BD (½)
  glyph U+00BF (¿)
  glyph U+00C6 (Æ)
  glyph U+00D8 (Ø)
  glyph U+00E6 (æ)
  glyph U+2122 (™)
  glyph U+2139 (ℹ)
  glyph U+2196 (↖)
  glyph U+21B5 (↵)
  glyph U+21BA (↺)
  glyph U+21D0 (⇐)
  glyph U+21D2 (⇒)
  glyph U+21D5 (⇕)
  glyph U+21E0 (⇠)
  glyph U+21E1 (⇡)
  glyph U+21E2 (⇢)
  glyph U+2207 (∇)
  glyph U+220F (∏)
  glyph U+221D (∝)
  glyph U+2225 (∥)
  glyph U+2227 (∧)
  glyph U+2228 (∨)
  glyph U+222B (∫)
  glyph U+231B (⌛)
  glyph U+23BE (⎾)
  glyph U+23BF (⎿)
  glyph U+26A0 (⚠)
  icon  U+E712
  icon  U+EB9D
  icon  U+EC0E
  icon  U+F00C
  icon  U+F017
  icon  U+F02D
  icon  U+F030
  icon  U+F04B
  icon  U+F04C
  icon  U+F04D
  icon  U+F067
  icon  U+F075
  icon  U+F120
  icon  U+F15B
  icon  U+F1EB
  icon  U+F200
  icon  U+F201

--- 2026-07-06 19:43 (158 codepoint(s)) ---
  icon  U+23FD (⏽)
  icon  U+23FE (⏾)
  icon  U+2B58 (⭘)
  icon  U+E000
  icon  U+E001
  icon  U+E002
  icon  U+E003
  icon  U+E004
  icon  U+E005
  icon  U+E006
  icon  U+E007
  icon  U+E008
  icon  U+E009
  icon  U+E00A
  icon  U+E5FA
  icon  U+E5FB
  icon  U+E5FD
  icon  U+E5FE
  icon  U+E5FF
  icon  U+E600
  icon  U+E605
  icon  U+E608
  icon  U+E609
  icon  U+E60C
  icon  U+E614
  icon  U+E615
  icon  U+E621
  icon  U+E623
  icon  U+E625
  icon  U+E627
  icon  U+E62B
  icon  U+E706
  icon  U+EA60
  icon  U+EA71
  icon  U+EA72
  icon  U+EA73
  icon  U+EA75
  icon  U+EA7E
  icon  U+EA88
  icon  U+EA8B
  icon  U+EA9D
  icon  U+EA9E
  icon  U+EAAF
  icon  U+EAB1
  icon  U+EAB2
  icon  U+EAB5
  icon  U+EAB8
  icon  U+EABC
  icon  U+EABE
  icon  U+EAD4
  icon  U+EAD5
  icon  U+EAD8
  icon  U+EAE6
  icon  U+EB04
  icon  U+EB09
  icon  U+EB14
  icon  U+EB18
  icon  U+EB19
  icon  U+EB1C
  icon  U+EB1D
  icon  U+EB20
  icon  U+EB24
  icon  U+EB25
  icon  U+EB27
  icon  U+EB29
  icon  U+EB2C
  icon  U+EB31
  icon  U+EB35
  icon  U+EB36
  icon  U+EB39
  icon  U+EB44
  icon  U+EB46
  icon  U+EB50
  icon  U+EB52
  icon  U+EB53
  icon  U+EB54
  icon  U+EB56
  icon  U+EB57
  icon  U+EB61
  icon  U+EB6C
  icon  U+EB71
  icon  U+EB72
  icon  U+EB74
  icon  U+EB77
  icon  U+EB78
  icon  U+EB7A
  icon  U+EB82
  icon  U+EB83
  icon  U+EB87
  icon  U+EB8B
  icon  U+EB9B
  icon  U+EB9C
  icon  U+EB9D
  icon  U+EB9E
  icon  U+EBA0
  icon  U+EBA6
  icon  U+EBAC
  icon  U+EBB9
  icon  U+EBBF
  icon  U+EBC4
  icon  U+EBCB
  icon  U+EBCD
  icon  U+EBD2
  icon  U+EBD9
  icon  U+EBDC
  icon  U+EBDE
  icon  U+EBE1
  icon  U+EBE9
  icon  U+EBED
  icon  U+EBF3
  icon  U+EC00
  icon  U+EC07
  icon  U+EC0A
  icon  U+EC0B
  icon  U+EC0D
  icon  U+EC0E
  icon  U+EC10
  icon  U+EC14
  icon  U+EC15
  icon  U+EC16
  icon  U+EC17
  icon  U+EC1D
  icon  U+EC1E
  icon  U+EC1F  [removed]
  icon  U+F01E
  icon  U+F01F
  icon  U+F021
  icon  U+F031
  icon  U+F03A
  icon  U+F0FB
  icon  U+F1C9
  icon  U+F401
  icon  U+F404
  icon  U+F408
  icon  U+F410
  icon  U+F41B
  icon  U+F41C
  icon  U+F41D
  icon  U+F41E
  icon  U+F42A
  icon  U+F42B
  icon  U+F42D
  icon  U+F43D
  icon  U+F444
  icon  U+F445
  icon  U+F448
  icon  U+F449
  icon  U+F44F
  icon  U+F45A
  icon  U+F45B
  icon  U+F45E
  icon  U+F462
  icon  U+F46B
  icon  U+F471
  icon  U+F474
  icon  U+F475
  icon  U+F477
  icon  U+F48A
